// Jest Snapshot v1, https://goo.gl/fbAQLP

exports[`Movie Item renders correctly 1`] = `
<div
  className="MuiPaper-root MuiCard-root MuiPaper-elevation1 MuiPaper-rounded"
>
  <div
    className="MuiCardHeader-root"
  >
    <div
      className="MuiCardHeader-content"
    >
      <span
        className="MuiTypography-root MuiCardHeader-title MuiTypography-h5 MuiTypography-displayBlock"
      >
        <div>
          Movie title
        </div>
      </span>
    </div>
  </div>
  <div
    className="MuiCardMedia-root makeStyles-media-1"
    style={
      Object {
        "backgroundImage": "url(\\"Url movie title\\")",
        "backgroundPosition": "top",
        "height": "35vh",
      }
    }
    title="Movie title"
  />
</div>
`;
